// Jest Snapshot v1, https://goo.gl/fbAQLP

exports[`Favorites Container Component should match snapshot 1`] = `
<section
  className="Job__display"
>
  <div
    className="Fav__container"
  >
    Favorites container
  </div>
</section>
`;
