// Jest Snapshot v1, https://goo.gl/fbAQLP

exports[`Dashboard should match snapshot 1`] = `
<main
  className="Dashboard"
>
  <Connect(TrackerAppl) />
  <Connect(TrackerInter) />
  <Connect(Recent) />
</main>
`;
