// Jest Snapshot v1, https://goo.gl/fbAQLP

exports[`App Container App should match snapshot 1`] = `
<div
  className="App"
>
  <Header />
  <NavBar />
  <div
    className="display"
  >
    <Route
      component={[Function]}
      exact={true}
      to="/"
    />
    <Route
      component={[Function]}
      exact={true}
      to="/error404"
    />
    <Route
      component={
        Object {
          "$$typeof": Symbol(react.memo),
          "WrappedComponent": [Function],
          "compare": null,
          "displayName": "Connect(Jobboard)",
          "type": [Function],
        }
      }
      exact={true}
      to="/jobs"
    />
    <Route
      component={
        Object {
          "$$typeof": Symbol(react.memo),
          "WrappedComponent": [Function],
          "compare": null,
          "displayName": "Connect(Favorites)",
          "type": [Function],
        }
      }
      exact={true}
      to="/fav"
    />
  </div>
</div>
`;
